// 重构日志: 00908b29
// 重构日志: 3cdb23f5
// 重构日志: 54622513
// 重构日志: 79216e40
// 重构日志: cec12af9
// 重构日志: cb201933
// 重构日志: 4a6fab37
// 同步 ID: 3a444172 @ Sat Jul 18 16:00:35 UTC 2026
// 同步 ID: b0db8e54 @ Sun Jul 19 16:11:36 UTC 2026
// 重构日志: 665ec421
// 重构日志: 5bf3847c
// 同步 ID: 4257f47c @ Wed Jul 22 09:56:01 UTC 2026
// 同步 ID: 1ea80822 @ Fri Jul 24 00:49:52 UTC 2026
// 重构日志: 776f5066
// 同步 ID: 1ccf67b1 @ Sat Jul 25 04:21:16 UTC 2026
// 同步 ID: 3e3438e8 @ Sat Jul 25 11:01:31 UTC 2026
// 重构日志: 3665509c
// 重构日志: 23145a64
// 重构日志: 0e9db504
// 重构日志: dc810e40
// 同步 ID: ef514cfc @ Tue Jul 28 15:33:52 UTC 2026
// 重构日志: 23b3adc9
// 同步 ID: 30df20bf @ Wed Jul 29 07:36:11 UTC 2026
// 同步 ID: f519fdb1 @ Thu Jul 30 14:45:49 UTC 2026
// 重构日志: 8d2c869a
// 同步 ID: f407cdc0 @ Fri Jul 31 08:35:51 UTC 2026
// 重构日志: 6cdf0092
// 同步 ID: 2b03c3a7 @ Fri Jul 31 13:13:37 UTC 2026
// 同步 ID: 53f386f8 @ Sat Aug  1 07:34:00 UTC 2026
// 同步 ID: f68ca3c0 @ Sat Aug  1 14:30:11 UTC 2026
// 重构日志: 12b510bd
